// Jest Snapshot v1, https://goo.gl/fbAQLP

exports[`Layout should render Header, Footer and Settings components 1`] = `
<div>
  <div>
    <div
      data-testid="header"
    />
    <main>
      <div
        data-testid="child"
      >
        Child component
      </div>
    </main>
    <div
      data-testid="footer"
    />
    <div
      data-testid="settings"
    />
  </div>
</div>
`;

exports[`Layout should render children components 1`] = `
<div>
  <div>
    <div
      data-testid="header"
    />
    <main>
      <div
        data-testid="child"
      >
        Child component
      </div>
      <div
        data-testid="child"
      >
        Child component
      </div>
      <div
        data-testid="child"
      >
        Child component
      </div>
    </main>
    <div
      data-testid="footer"
    />
    <div
      data-testid="settings"
    />
  </div>
</div>
`;
