// Jest Snapshot v1, https://goo.gl/fbAQLP

exports[`Game should render SlotMachine and GameControls components 1`] = `
<div>
  <div
    data-testid="slot-machine"
  />
  <div
    data-testid="game-controls"
  />
</div>
`;
